// Jest Snapshot v1, https://goo.gl/fbAQLP

exports[`App component it renders a correct snapshot 1`] = `
<DocumentFragment>
  <div
    class="App"
  >
    <div>
      Users:
    </div>
    <ul
      data-testid="user-list"
    >
      <li
        data-testid="user-item"
      >
        Test User 1@testuser1
      </li>
      <li
        data-testid="user-item"
      >
        Test User 2@testuser2
      </li>
    </ul>
  </div>
</DocumentFragment>
`;
